Archive member included to satisfy reference by file (symbol)

C:\Users\emon1\Documents\Atmel Studio\7.0\ArduinoFreeRTOS\ArduinoFreeRTOS\ArduinoCore\Debug\libArduinoCore.a(main.o)
                              C:/Program Files (x86)/Atmel/Studio/7.0/Packs/atmel/ATmega_DFP/1.0.98/gcc/dev/atmega328p/avr5/crtatmega328p.o (main)
C:\Users\emon1\Documents\Atmel Studio\7.0\ArduinoFreeRTOS\ArduinoFreeRTOS\ArduinoCore\Debug\libArduinoCore.a(wiring.o)
                              C:\Users\emon1\Documents\Atmel Studio\7.0\ArduinoFreeRTOS\ArduinoFreeRTOS\ArduinoCore\Debug\libArduinoCore.a(main.o) (init)
C:\Users\emon1\Documents\Atmel Studio\7.0\ArduinoFreeRTOS\ArduinoFreeRTOS\ArduinoCore\Debug\libArduinoCore.a(wiring_digital.o)
                              Sketch.o (pinMode)
C:\Users\emon1\Documents\Atmel Studio\7.0\ArduinoFreeRTOS\ArduinoFreeRTOS\ArduinoCore\Debug\libArduinoCore.a(hooks.o)
                              C:\Users\emon1\Documents\Atmel Studio\7.0\ArduinoFreeRTOS\ArduinoFreeRTOS\ArduinoCore\Debug\libArduinoCore.a(wiring.o) (yield)
c:/program files (x86)/atmel/studio/7.0/toolchain/avr8/avr8-gnu-toolchain/bin/../lib/gcc/avr/4.9.2/avr5\libgcc.a(_exit.o)
                              C:/Program Files (x86)/Atmel/Studio/7.0/Packs/atmel/ATmega_DFP/1.0.98/gcc/dev/atmega328p/avr5/crtatmega328p.o (exit)
c:/program files (x86)/atmel/studio/7.0/toolchain/avr8/avr8-gnu-toolchain/bin/../lib/gcc/avr/4.9.2/avr5\libgcc.a(_copy_data.o)
                              Sketch.o (__do_copy_data)
c:/program files (x86)/atmel/studio/7.0/toolchain/avr8/avr8-gnu-toolchain/bin/../lib/gcc/avr/4.9.2/avr5\libgcc.a(_clear_bss.o)
                              Source/croutine.o (__do_clear_bss)
c:/program files (x86)/atmel/studio/7.0/toolchain/avr8/avr8-gnu-toolchain/bin/../lib/gcc/avr/4.9.2/../../../../avr/lib/avr5\libc.a(memcpy.o)
                              Source/queue.o (memcpy)

Discarded input sections

 .data          0x00000000        0x0 C:/Program Files (x86)/Atmel/Studio/7.0/Packs/atmel/ATmega_DFP/1.0.98/gcc/dev/atmega328p/avr5/crtatmega328p.o
 .bss           0x00000000        0x0 C:/Program Files (x86)/Atmel/Studio/7.0/Packs/atmel/ATmega_DFP/1.0.98/gcc/dev/atmega328p/avr5/crtatmega328p.o
 .text          0x00000000        0x0 Sketch.o
 .data          0x00000000        0x0 Sketch.o
 .bss           0x00000000        0x0 Sketch.o
 .text          0x00000000        0x0 Source/croutine.o
 .data          0x00000000        0x0 Source/croutine.o
 .bss           0x00000000        0x0 Source/croutine.o
 .text.xCoRoutineCreate
                0x00000000       0xe4 Source/croutine.o
 .text.vCoRoutineAddToDelayedList
                0x00000000       0x84 Source/croutine.o
 .text.vCoRoutineSchedule
                0x00000000      0x1da Source/croutine.o
 .text.xCoRoutineRemoveFromEventList
                0x00000000       0x4a Source/croutine.o
 .bss.xPassedTicks
                0x00000000        0x2 Source/croutine.o
 .bss.xLastTickCount
                0x00000000        0x2 Source/croutine.o
 .bss.xCoRoutineTickCount
                0x00000000        0x2 Source/croutine.o
 .bss.uxTopCoRoutineReadyPriority
                0x00000000        0x1 Source/croutine.o
 .bss.pxCurrentCoRoutine
                0x00000000        0x2 Source/croutine.o
 .bss.xPendingReadyCoRoutineList
                0x00000000        0x9 Source/croutine.o
 .bss.pxOverflowDelayedCoRoutineList
                0x00000000        0x2 Source/croutine.o
 .bss.pxDelayedCoRoutineList
                0x00000000        0x2 Source/croutine.o
 .bss.xDelayedCoRoutineList2
                0x00000000        0x9 Source/croutine.o
 .bss.xDelayedCoRoutineList1
                0x00000000        0x9 Source/croutine.o
 .bss.pxReadyCoRoutineLists
                0x00000000       0x12 Source/croutine.o
 .debug_info    0x00000000      0x7be Source/croutine.o
 .debug_abbrev  0x00000000      0x254 Source/croutine.o
 .debug_loc     0x00000000      0x41c Source/croutine.o
 .debug_aranges
                0x00000000       0x38 Source/croutine.o
 .debug_ranges  0x00000000       0x40 Source/croutine.o
 .debug_line    0x00000000      0x24d Source/croutine.o
 .debug_str     0x00000000      0x572 Source/croutine.o
 .comment       0x00000000       0x31 Source/croutine.o
 .debug_frame   0x00000000       0xbc Source/croutine.o
 .text          0x00000000        0x0 Source/event_groups.o
 .data          0x00000000        0x0 Source/event_groups.o
 .bss           0x00000000        0x0 Source/event_groups.o
 .text.xEventGroupCreate
                0x00000000       0x26 Source/event_groups.o
 .text.xEventGroupWaitBits
                0x00000000       0xf0 Source/event_groups.o
 .text.xEventGroupClearBits
                0x00000000       0x1e Source/event_groups.o
 .text.xEventGroupGetBitsFromISR
                0x00000000        0x8 Source/event_groups.o
 .text.xEventGroupSetBits
                0x00000000       0xaa Source/event_groups.o
 .text.xEventGroupSync
                0x00000000       0xd4 Source/event_groups.o
 .text.vEventGroupDelete
                0x00000000       0x2c Source/event_groups.o
 .text.vEventGroupSetBitsCallback
                0x00000000        0x6 Source/event_groups.o
 .text.vEventGroupClearBitsCallback
                0x00000000        0x6 Source/event_groups.o
 .debug_info    0x00000000      0x925 Source/event_groups.o
 .debug_abbrev  0x00000000      0x272 Source/event_groups.o
 .debug_loc     0x00000000      0xb2c Source/event_groups.o
 .debug_aranges
                0x00000000       0x60 Source/event_groups.o
 .debug_ranges  0x00000000       0x70 Source/event_groups.o
 .debug_line    0x00000000      0x2b9 Source/event_groups.o
 .debug_str     0x00000000      0x5c2 Source/event_groups.o
 .comment       0x00000000       0x31 Source/event_groups.o
 .debug_frame   0x00000000      0x14c Source/event_groups.o
 .text          0x00000000        0x0 Source/include/portable/GCC/ATMega323/port.o
 .data          0x00000000        0x0 Source/include/portable/GCC/ATMega323/port.o
 .bss           0x00000000        0x0 Source/include/portable/GCC/ATMega323/port.o
 .text.vPortEndScheduler
                0x00000000        0x2 Source/include/portable/GCC/ATMega323/port.o
 .text          0x00000000        0x0 Source/include/portable/MemMang/heap_1.o
 .data          0x00000000        0x0 Source/include/portable/MemMang/heap_1.o
 .bss           0x00000000        0x0 Source/include/portable/MemMang/heap_1.o
 .text.vPortInitialiseBlocks
                0x00000000        0xa Source/include/portable/MemMang/heap_1.o
 .text.xPortGetFreeHeapSize
                0x00000000       0x12 Source/include/portable/MemMang/heap_1.o
 .text          0x00000000        0x0 Source/list.o
 .data          0x00000000        0x0 Source/list.o
 .bss           0x00000000        0x0 Source/list.o
 .text          0x00000000        0x0 Source/queue.o
 .data          0x00000000        0x0 Source/queue.o
 .bss           0x00000000        0x0 Source/queue.o
 .text.prvCopyDataToQueue
                0x00000000       0x96 Source/queue.o
 .text.prvCopyDataFromQueue
                0x00000000       0x34 Source/queue.o
 .text.prvUnlockQueue
                0x00000000       0x7c Source/queue.o
 .text.xQueueGenericReset
                0x00000000       0x74 Source/queue.o
 .text.xQueueGenericCreate
                0x00000000       0x56 Source/queue.o
 .text.xQueueGenericSend
                0x00000000      0x134 Source/queue.o
 .text.xQueueGenericSendFromISR
                0x00000000       0x6c Source/queue.o
 .text.xQueueGenericReceive
                0x00000000      0x148 Source/queue.o
 .text.xQueueReceiveFromISR
                0x00000000       0x5a Source/queue.o
 .text.xQueuePeekFromISR
                0x00000000       0x2e Source/queue.o
 .text.uxQueueMessagesWaiting
                0x00000000       0x10 Source/queue.o
 .text.uxQueueSpacesAvailable
                0x00000000       0x14 Source/queue.o
 .text.uxQueueMessagesWaitingFromISR
                0x00000000        0x6 Source/queue.o
 .text.vQueueDelete
                0x00000000       0x1c Source/queue.o
 .text.xQueueIsQueueEmptyFromISR
                0x00000000        0xc Source/queue.o
 .text.xQueueIsQueueFullFromISR
                0x00000000        0xe Source/queue.o
 .debug_info    0x00000000      0xf02 Source/queue.o
 .debug_abbrev  0x00000000      0x2c1 Source/queue.o
 .debug_loc     0x00000000      0xfb2 Source/queue.o
 .debug_aranges
                0x00000000       0x98 Source/queue.o
 .debug_ranges  0x00000000       0x88 Source/queue.o
 .debug_line    0x00000000      0x3d4 Source/queue.o
 .debug_str     0x00000000      0x6b6 Source/queue.o
 .comment       0x00000000       0x31 Source/queue.o
 .debug_frame   0x00000000      0x208 Source/queue.o
 .text          0x00000000        0x0 Source/tasks.o
 .data          0x00000000        0x0 Source/tasks.o
 .bss           0x00000000        0x0 Source/tasks.o
 .text.vTaskEndScheduler
                0x00000000        0xa Source/tasks.o
 .text.xTaskGetTickCount
                0x00000000       0x14 Source/tasks.o
 .text.xTaskGetTickCountFromISR
                0x00000000        0xa Source/tasks.o
 .text.uxTaskGetNumberOfTasks
                0x00000000        0x6 Source/tasks.o
 .text.vTaskDelayUntil
                0x00000000       0x76 Source/tasks.o
 .text.vTaskPlaceOnEventList
                0x00000000       0x3a Source/tasks.o
 .text.vTaskPlaceOnUnorderedEventList
                0x00000000       0x46 Source/tasks.o
 .text.xTaskRemoveFromEventList
                0x00000000       0x80 Source/tasks.o
 .text.xTaskRemoveFromUnorderedEventList
                0x00000000       0x68 Source/tasks.o
 .text.vTaskSetTimeOutState
                0x00000000       0x16 Source/tasks.o
 .text.xTaskCheckForTimeOut
                0x00000000       0x58 Source/tasks.o
 .text.vTaskMissedYield
                0x00000000        0x8 Source/tasks.o
 .text.uxTaskResetEventItemValue
                0x00000000       0x2e Source/tasks.o
 .text          0x00000000        0x0 Source/timers.o
 .data          0x00000000        0x0 Source/timers.o
 .bss           0x00000000        0x0 Source/timers.o
 .debug_info    0x00000000       0x64 Source/timers.o
 .debug_abbrev  0x00000000       0x26 Source/timers.o
 .debug_aranges
                0x00000000       0x18 Source/timers.o
 .debug_line    0x00000000       0x1a Source/timers.o
 .debug_str     0x00000000      0x19f Source/timers.o
 .comment       0x00000000       0x31 Source/timers.o
 .text          0x00000000        0x0 C:\Users\emon1\Documents\Atmel Studio\7.0\ArduinoFreeRTOS\ArduinoFreeRTOS\ArduinoCore\Debug\libArduinoCore.a(main.o)
 .data          0x00000000        0x0 C:\Users\emon1\Documents\Atmel Studio\7.0\ArduinoFreeRTOS\ArduinoFreeRTOS\ArduinoCore\Debug\libArduinoCore.a(main.o)
 .bss           0x00000000        0x0 C:\Users\emon1\Documents\Atmel Studio\7.0\ArduinoFreeRTOS\ArduinoFreeRTOS\ArduinoCore\Debug\libArduinoCore.a(main.o)
 .text.atexit   0x00000000        0x6 C:\Users\emon1\Documents\Atmel Studio\7.0\ArduinoFreeRTOS\ArduinoFreeRTOS\ArduinoCore\Debug\libArduinoCore.a(main.o)
 .text._Z8setupUSBv
                0x00000000        0x2 C:\Users\emon1\Documents\Atmel Studio\7.0\ArduinoFreeRTOS\ArduinoFreeRTOS\ArduinoCore\Debug\libArduinoCore.a(main.o)
 .text          0x00000000        0x0 C:\Users\emon1\Documents\Atmel Studio\7.0\ArduinoFreeRTOS\ArduinoFreeRTOS\ArduinoCore\Debug\libArduinoCore.a(wiring.o)
 .data          0x00000000        0x0 C:\Users\emon1\Documents\Atmel Studio\7.0\ArduinoFreeRTOS\ArduinoFreeRTOS\ArduinoCore\Debug\libArduinoCore.a(wiring.o)
 .bss           0x00000000        0x0 C:\Users\emon1\Documents\Atmel Studio\7.0\ArduinoFreeRTOS\ArduinoFreeRTOS\ArduinoCore\Debug\libArduinoCore.a(wiring.o)
 .text.millis   0x00000000       0x18 C:\Users\emon1\Documents\Atmel Studio\7.0\ArduinoFreeRTOS\ArduinoFreeRTOS\ArduinoCore\Debug\libArduinoCore.a(wiring.o)
 .text.micros   0x00000000       0x4a C:\Users\emon1\Documents\Atmel Studio\7.0\ArduinoFreeRTOS\ArduinoFreeRTOS\ArduinoCore\Debug\libArduinoCore.a(wiring.o)
 .text.delay    0x00000000       0x50 C:\Users\emon1\Documents\Atmel Studio\7.0\ArduinoFreeRTOS\ArduinoFreeRTOS\ArduinoCore\Debug\libArduinoCore.a(wiring.o)
 .text.delayMicroseconds
                0x00000000       0x16 C:\Users\emon1\Documents\Atmel Studio\7.0\ArduinoFreeRTOS\ArduinoFreeRTOS\ArduinoCore\Debug\libArduinoCore.a(wiring.o)
 .text          0x00000000        0x0 C:\Users\emon1\Documents\Atmel Studio\7.0\ArduinoFreeRTOS\ArduinoFreeRTOS\ArduinoCore\Debug\libArduinoCore.a(wiring_digital.o)
 .data          0x00000000        0x0 C:\Users\emon1\Documents\Atmel Studio\7.0\ArduinoFreeRTOS\ArduinoFreeRTOS\ArduinoCore\Debug\libArduinoCore.a(wiring_digital.o)
 .bss           0x00000000        0x0 C:\Users\emon1\Documents\Atmel Studio\7.0\ArduinoFreeRTOS\ArduinoFreeRTOS\ArduinoCore\Debug\libArduinoCore.a(wiring_digital.o)
 .text.digitalRead
                0x00000000       0x52 C:\Users\emon1\Documents\Atmel Studio\7.0\ArduinoFreeRTOS\ArduinoFreeRTOS\ArduinoCore\Debug\libArduinoCore.a(wiring_digital.o)
 .progmem.data.port_to_input_PGM
                0x00000000        0xa C:\Users\emon1\Documents\Atmel Studio\7.0\ArduinoFreeRTOS\ArduinoFreeRTOS\ArduinoCore\Debug\libArduinoCore.a(wiring_digital.o)
 .text          0x00000000        0x0 C:\Users\emon1\Documents\Atmel Studio\7.0\ArduinoFreeRTOS\ArduinoFreeRTOS\ArduinoCore\Debug\libArduinoCore.a(hooks.o)
 .data          0x00000000        0x0 C:\Users\emon1\Documents\Atmel Studio\7.0\ArduinoFreeRTOS\ArduinoFreeRTOS\ArduinoCore\Debug\libArduinoCore.a(hooks.o)
 .bss           0x00000000        0x0 C:\Users\emon1\Documents\Atmel Studio\7.0\ArduinoFreeRTOS\ArduinoFreeRTOS\ArduinoCore\Debug\libArduinoCore.a(hooks.o)
 .text.__empty  0x00000000        0x2 C:\Users\emon1\Documents\Atmel Studio\7.0\ArduinoFreeRTOS\ArduinoFreeRTOS\ArduinoCore\Debug\libArduinoCore.a(hooks.o)
 .debug_info    0x00000000       0x3e C:\Users\emon1\Documents\Atmel Studio\7.0\ArduinoFreeRTOS\ArduinoFreeRTOS\ArduinoCore\Debug\libArduinoCore.a(hooks.o)
 .debug_abbrev  0x00000000       0x2a C:\Users\emon1\Documents\Atmel Studio\7.0\ArduinoFreeRTOS\ArduinoFreeRTOS\ArduinoCore\Debug\libArduinoCore.a(hooks.o)
 .debug_aranges
                0x00000000       0x20 C:\Users\emon1\Documents\Atmel Studio\7.0\ArduinoFreeRTOS\ArduinoFreeRTOS\ArduinoCore\Debug\libArduinoCore.a(hooks.o)
 .debug_ranges  0x00000000       0x10 C:\Users\emon1\Documents\Atmel Studio\7.0\ArduinoFreeRTOS\ArduinoFreeRTOS\ArduinoCore\Debug\libArduinoCore.a(hooks.o)
 .debug_line    0x00000000       0x40 C:\Users\emon1\Documents\Atmel Studio\7.0\ArduinoFreeRTOS\ArduinoFreeRTOS\ArduinoCore\Debug\libArduinoCore.a(hooks.o)
 .debug_str     0x00000000      0x139 C:\Users\emon1\Documents\Atmel Studio\7.0\ArduinoFreeRTOS\ArduinoFreeRTOS\ArduinoCore\Debug\libArduinoCore.a(hooks.o)
 .comment       0x00000000       0x31 C:\Users\emon1\Documents\Atmel Studio\7.0\ArduinoFreeRTOS\ArduinoFreeRTOS\ArduinoCore\Debug\libArduinoCore.a(hooks.o)
 .debug_frame   0x00000000       0x24 C:\Users\emon1\Documents\Atmel Studio\7.0\ArduinoFreeRTOS\ArduinoFreeRTOS\ArduinoCore\Debug\libArduinoCore.a(hooks.o)
 .text          0x00000000        0x0 c:/program files (x86)/atmel/studio/7.0/toolchain/avr8/avr8-gnu-toolchain/bin/../lib/gcc/avr/4.9.2/avr5\libgcc.a(_exit.o)
 .data          0x00000000        0x0 c:/program files (x86)/atmel/studio/7.0/toolchain/avr8/avr8-gnu-toolchain/bin/../lib/gcc/avr/4.9.2/avr5\libgcc.a(_exit.o)
 .bss           0x00000000        0x0 c:/program files (x86)/atmel/studio/7.0/toolchain/avr8/avr8-gnu-toolchain/bin/../lib/gcc/avr/4.9.2/avr5\libgcc.a(_exit.o)
 .text.libgcc.mul
                0x00000000        0x0 c:/program files (x86)/atmel/studio/7.0/toolchain/avr8/avr8-gnu-toolchain/bin/../lib/gcc/avr/4.9.2/avr5\libgcc.a(_exit.o)
 .text.libgcc.div
                0x00000000        0x0 c:/program files (x86)/atmel/studio/7.0/toolchain/avr8/avr8-gnu-toolchain/bin/../lib/gcc/avr/4.9.2/avr5\libgcc.a(_exit.o)
 .text.libgcc   0x00000000        0x0 c:/program files (x86)/atmel/studio/7.0/toolchain/avr8/avr8-gnu-toolchain/bin/../lib/gcc/avr/4.9.2/avr5\libgcc.a(_exit.o)
 .text.libgcc.prologue
                0x00000000        0x0 c:/program files (x86)/atmel/studio/7.0/toolchain/avr8/avr8-gnu-toolchain/bin/../lib/gcc/avr/4.9.2/avr5\libgcc.a(_exit.o)
 .text.libgcc.builtins
                0x00000000        0x0 c:/program files (x86)/atmel/studio/7.0/toolchain/avr8/avr8-gnu-toolchain/bin/../lib/gcc/avr/4.9.2/avr5\libgcc.a(_exit.o)
 .text.libgcc.fmul
                0x00000000        0x0 c:/program files (x86)/atmel/studio/7.0/toolchain/avr8/avr8-gnu-toolchain/bin/../lib/gcc/avr/4.9.2/avr5\libgcc.a(_exit.o)
 .text.libgcc.fixed
                0x00000000        0x0 c:/program files (x86)/atmel/studio/7.0/toolchain/avr8/avr8-gnu-toolchain/bin/../lib/gcc/avr/4.9.2/avr5\libgcc.a(_exit.o)
 .text          0x00000000        0x0 c:/program files (x86)/atmel/studio/7.0/toolchain/avr8/avr8-gnu-toolchain/bin/../lib/gcc/avr/4.9.2/avr5\libgcc.a(_copy_data.o)
 .data          0x00000000        0x0 c:/program files (x86)/atmel/studio/7.0/toolchain/avr8/avr8-gnu-toolchain/bin/../lib/gcc/avr/4.9.2/avr5\libgcc.a(_copy_data.o)
 .bss           0x00000000        0x0 c:/program files (x86)/atmel/studio/7.0/toolchain/avr8/avr8-gnu-toolchain/bin/../lib/gcc/avr/4.9.2/avr5\libgcc.a(_copy_data.o)
 .text.libgcc.mul
                0x00000000        0x0 c:/program files (x86)/atmel/studio/7.0/toolchain/avr8/avr8-gnu-toolchain/bin/../lib/gcc/avr/4.9.2/avr5\libgcc.a(_copy_data.o)
 .text.libgcc.div
                0x00000000        0x0 c:/program files (x86)/atmel/studio/7.0/toolchain/avr8/avr8-gnu-toolchain/bin/../lib/gcc/avr/4.9.2/avr5\libgcc.a(_copy_data.o)
 .text.libgcc   0x00000000        0x0 c:/program files (x86)/atmel/studio/7.0/toolchain/avr8/avr8-gnu-toolchain/bin/../lib/gcc/avr/4.9.2/avr5\libgcc.a(_copy_data.o)
 .text.libgcc.prologue
                0x00000000        0x0 c:/program files (x86)/atmel/studio/7.0/toolchain/avr8/avr8-gnu-toolchain/bin/../lib/gcc/avr/4.9.2/avr5\libgcc.a(_copy_data.o)
 .text.libgcc.builtins
                0x00000000        0x0 c:/program files (x86)/atmel/studio/7.0/toolchain/avr8/avr8-gnu-toolchain/bin/../lib/gcc/avr/4.9.2/avr5\libgcc.a(_copy_data.o)
 .text.libgcc.fmul
                0x00000000        0x0 c:/program files (x86)/atmel/studio/7.0/toolchain/avr8/avr8-gnu-toolchain/bin/../lib/gcc/avr/4.9.2/avr5\libgcc.a(_copy_data.o)
 .text.libgcc.fixed
                0x00000000        0x0 c:/program files (x86)/atmel/studio/7.0/toolchain/avr8/avr8-gnu-toolchain/bin/../lib/gcc/avr/4.9.2/avr5\libgcc.a(_copy_data.o)
 .text          0x00000000        0x0 c:/program files (x86)/atmel/studio/7.0/toolchain/avr8/avr8-gnu-toolchain/bin/../lib/gcc/avr/4.9.2/avr5\libgcc.a(_clear_bss.o)
 .data          0x00000000        0x0 c:/program files (x86)/atmel/studio/7.0/toolchain/avr8/avr8-gnu-toolchain/bin/../lib/gcc/avr/4.9.2/avr5\libgcc.a(_clear_bss.o)
 .bss           0x00000000        0x0 c:/program files (x86)/atmel/studio/7.0/toolchain/avr8/avr8-gnu-toolchain/bin/../lib/gcc/avr/4.9.2/avr5\libgcc.a(_clear_bss.o)
 .text.libgcc.mul
                0x00000000        0x0 c:/program files (x86)/atmel/studio/7.0/toolchain/avr8/avr8-gnu-toolchain/bin/../lib/gcc/avr/4.9.2/avr5\libgcc.a(_clear_bss.o)
 .text.libgcc.div
                0x00000000        0x0 c:/program files (x86)/atmel/studio/7.0/toolchain/avr8/avr8-gnu-toolchain/bin/../lib/gcc/avr/4.9.2/avr5\libgcc.a(_clear_bss.o)
 .text.libgcc   0x00000000        0x0 c:/program files (x86)/atmel/studio/7.0/toolchain/avr8/avr8-gnu-toolchain/bin/../lib/gcc/avr/4.9.2/avr5\libgcc.a(_clear_bss.o)
 .text.libgcc.prologue
                0x00000000        0x0 c:/program files (x86)/atmel/studio/7.0/toolchain/avr8/avr8-gnu-toolchain/bin/../lib/gcc/avr/4.9.2/avr5\libgcc.a(_clear_bss.o)
 .text.libgcc.builtins
                0x00000000        0x0 c:/program files (x86)/atmel/studio/7.0/toolchain/avr8/avr8-gnu-toolchain/bin/../lib/gcc/avr/4.9.2/avr5\libgcc.a(_clear_bss.o)
 .text.libgcc.fmul
                0x00000000        0x0 c:/program files (x86)/atmel/studio/7.0/toolchain/avr8/avr8-gnu-toolchain/bin/../lib/gcc/avr/4.9.2/avr5\libgcc.a(_clear_bss.o)
 .text.libgcc.fixed
                0x00000000        0x0 c:/program files (x86)/atmel/studio/7.0/toolchain/avr8/avr8-gnu-toolchain/bin/../lib/gcc/avr/4.9.2/avr5\libgcc.a(_clear_bss.o)
 .text          0x00000000        0x0 c:/program files (x86)/atmel/studio/7.0/toolchain/avr8/avr8-gnu-toolchain/bin/../lib/gcc/avr/4.9.2/../../../../avr/lib/avr5\libc.a(memcpy.o)
 .data          0x00000000        0x0 c:/program files (x86)/atmel/studio/7.0/toolchain/avr8/avr8-gnu-toolchain/bin/../lib/gcc/avr/4.9.2/../../../../avr/lib/avr5\libc.a(memcpy.o)
 .bss           0x00000000        0x0 c:/program files (x86)/atmel/studio/7.0/toolchain/avr8/avr8-gnu-toolchain/bin/../lib/gcc/avr/4.9.2/../../../../avr/lib/avr5\libc.a(memcpy.o)
 .text.avr-libc
                0x00000000       0x12 c:/program files (x86)/atmel/studio/7.0/toolchain/avr8/avr8-gnu-toolchain/bin/../lib/gcc/avr/4.9.2/../../../../avr/lib/avr5\libc.a(memcpy.o)

Memory Configuration

Name             Origin             Length             Attributes
text             0x00000000         0x00020000         xr
data             0x00800060         0x0000ffa0         rw !x
eeprom           0x00810000         0x00010000         rw !x
fuse             0x00820000         0x00000400         rw !x
lock             0x00830000         0x00000400         rw !x
signature        0x00840000         0x00000400         rw !x
user_signatures  0x00850000         0x00000400         rw !x
*default*        0x00000000         0xffffffff

Linker script and memory map

Address of section .data set to 0x800100
LOAD C:/Program Files (x86)/Atmel/Studio/7.0/Packs/atmel/ATmega_DFP/1.0.98/gcc/dev/atmega328p/avr5/crtatmega328p.o
LOAD Sketch.o
LOAD Source/croutine.o
LOAD Source/event_groups.o
LOAD Source/include/portable/GCC/ATMega323/port.o
LOAD Source/include/portable/MemMang/heap_1.o
LOAD Source/list.o
LOAD Source/queue.o
LOAD Source/tasks.o
LOAD Source/timers.o
START GROUP
LOAD c:/program files (x86)/atmel/studio/7.0/toolchain/avr8/avr8-gnu-toolchain/bin/../lib/gcc/avr/4.9.2/../../../../avr/lib/avr5\libm.a
LOAD C:\Users\emon1\Documents\Atmel Studio\7.0\ArduinoFreeRTOS\ArduinoFreeRTOS\ArduinoCore\Debug\libArduinoCore.a
END GROUP
LOAD c:/program files (x86)/atmel/studio/7.0/toolchain/avr8/avr8-gnu-toolchain/bin/../lib/gcc/avr/4.9.2/avr5\libgcc.a
LOAD c:/program files (x86)/atmel/studio/7.0/toolchain/avr8/avr8-gnu-toolchain/bin/../lib/gcc/avr/4.9.2/../../../../avr/lib/avr5\libm.a
START GROUP
LOAD c:/program files (x86)/atmel/studio/7.0/toolchain/avr8/avr8-gnu-toolchain/bin/../lib/gcc/avr/4.9.2/avr5\libgcc.a
LOAD c:/program files (x86)/atmel/studio/7.0/toolchain/avr8/avr8-gnu-toolchain/bin/../lib/gcc/avr/4.9.2/../../../../avr/lib/avr5\libm.a
LOAD c:/program files (x86)/atmel/studio/7.0/toolchain/avr8/avr8-gnu-toolchain/bin/../lib/gcc/avr/4.9.2/../../../../avr/lib/avr5\libc.a
LOAD C:/Program Files (x86)/Atmel/Studio/7.0/Packs/atmel/ATmega_DFP/1.0.98/gcc/dev/atmega328p/avr5\libatmega328p.a
END GROUP

.hash
 *(.hash)

.dynsym
 *(.dynsym)

.dynstr
 *(.dynstr)

.gnu.version
 *(.gnu.version)

.gnu.version_d
 *(.gnu.version_d)

.gnu.version_r
 *(.gnu.version_r)

.rel.init
 *(.rel.init)

.rela.init
 *(.rela.init)

.rel.text
 *(.rel.text)
 *(.rel.text.*)
 *(.rel.gnu.linkonce.t*)

.rela.text
 *(.rela.text)
 *(.rela.text.*)
 *(.rela.gnu.linkonce.t*)

.rel.fini
 *(.rel.fini)

.rela.fini
 *(.rela.fini)

.rel.rodata
 *(.rel.rodata)
 *(.rel.rodata.*)
 *(.rel.gnu.linkonce.r*)

.rela.rodata
 *(.rela.rodata)
 *(.rela.rodata.*)
 *(.rela.gnu.linkonce.r*)

.rel.data
 *(.rel.data)
 *(.rel.data.*)
 *(.rel.gnu.linkonce.d*)

.rela.data
 *(.rela.data)
 *(.rela.data.*)
 *(.rela.gnu.linkonce.d*)

.rel.ctors
 *(.rel.ctors)

.rela.ctors
 *(.rela.ctors)

.rel.dtors
 *(.rel.dtors)

.rela.dtors
 *(.rela.dtors)

.rel.got
 *(.rel.got)

.rela.got
 *(.rela.got)

.rel.bss
 *(.rel.bss)

.rela.bss
 *(.rela.bss)

.rel.plt
 *(.rel.plt)

.rela.plt
 *(.rela.plt)

.text           0x00000000      0xe52
 *(.vectors)
 .vectors       0x00000000       0x68 C:/Program Files (x86)/Atmel/Studio/7.0/Packs/atmel/ATmega_DFP/1.0.98/gcc/dev/atmega328p/avr5/crtatmega328p.o
                0x00000000                __vector_default
                0x00000000                __vectors
 *(.vectors)
 *(.progmem.gcc*)
                0x00000068                . = ALIGN (0x2)
                0x00000068                __trampolines_start = .
 *(.trampolines)
 .trampolines   0x00000068        0x0 linker stubs
 *(.trampolines*)
                0x00000068                __trampolines_end = .
 *(.progmem*)
 .progmem.data.digital_pin_to_timer_PGM
                0x00000068       0x14 C:\Users\emon1\Documents\Atmel Studio\7.0\ArduinoFreeRTOS\ArduinoFreeRTOS\ArduinoCore\Debug\libArduinoCore.a(wiring_digital.o)
                0x00000068                digital_pin_to_timer_PGM
 .progmem.data.digital_pin_to_bit_mask_PGM
                0x0000007c       0x14 C:\Users\emon1\Documents\Atmel Studio\7.0\ArduinoFreeRTOS\ArduinoFreeRTOS\ArduinoCore\Debug\libArduinoCore.a(wiring_digital.o)
                0x0000007c                digital_pin_to_bit_mask_PGM
 .progmem.data.digital_pin_to_port_PGM
                0x00000090       0x14 C:\Users\emon1\Documents\Atmel Studio\7.0\ArduinoFreeRTOS\ArduinoFreeRTOS\ArduinoCore\Debug\libArduinoCore.a(wiring_digital.o)
                0x00000090                digital_pin_to_port_PGM
 .progmem.data.port_to_output_PGM
                0x000000a4        0xa C:\Users\emon1\Documents\Atmel Studio\7.0\ArduinoFreeRTOS\ArduinoFreeRTOS\ArduinoCore\Debug\libArduinoCore.a(wiring_digital.o)
                0x000000a4                port_to_output_PGM
 .progmem.data.port_to_mode_PGM
                0x000000ae        0xa C:\Users\emon1\Documents\Atmel Studio\7.0\ArduinoFreeRTOS\ArduinoFreeRTOS\ArduinoCore\Debug\libArduinoCore.a(wiring_digital.o)
                0x000000ae                port_to_mode_PGM
                0x000000b8                . = ALIGN (0x2)
 *(.jumptables)
 *(.jumptables*)
 *(.lowtext)
 *(.lowtext*)
                0x000000b8                __ctors_start = .
 *(.ctors)
                0x000000b8                __ctors_end = .
                0x000000b8                __dtors_start = .
 *(.dtors)
                0x000000b8                __dtors_end = .
 SORT(*)(.ctors)
 SORT(*)(.dtors)
 *(.init0)
 .init0         0x000000b8        0x0 C:/Program Files (x86)/Atmel/Studio/7.0/Packs/atmel/ATmega_DFP/1.0.98/gcc/dev/atmega328p/avr5/crtatmega328p.o
                0x000000b8                __init
 *(.init0)
 *(.init1)
 *(.init1)
 *(.init2)
 .init2         0x000000b8        0xc C:/Program Files (x86)/Atmel/Studio/7.0/Packs/atmel/ATmega_DFP/1.0.98/gcc/dev/atmega328p/avr5/crtatmega328p.o
 *(.init2)
 *(.init3)
 *(.init3)
 *(.init4)
 .init4         0x000000c4       0x16 c:/program files (x86)/atmel/studio/7.0/toolchain/avr8/avr8-gnu-toolchain/bin/../lib/gcc/avr/4.9.2/avr5\libgcc.a(_copy_data.o)
                0x000000c4                __do_copy_data
 .init4         0x000000da       0x10 c:/program files (x86)/atmel/studio/7.0/toolchain/avr8/avr8-gnu-toolchain/bin/../lib/gcc/avr/4.9.2/avr5\libgcc.a(_clear_bss.o)
                0x000000da                __do_clear_bss
 *(.init4)
 *(.init5)
 *(.init5)
 *(.init6)
 *(.init6)
 *(.init7)
 *(.init7)
 *(.init8)
 *(.init8)
 *(.init9)
 .init9         0x000000ea        0x8 C:/Program Files (x86)/Atmel/Studio/7.0/Packs/atmel/ATmega_DFP/1.0.98/gcc/dev/atmega328p/avr5/crtatmega328p.o
 *(.init9)
 *(.text)
 .text          0x000000f2        0x4 C:/Program Files (x86)/Atmel/Studio/7.0/Packs/atmel/ATmega_DFP/1.0.98/gcc/dev/atmega328p/avr5/crtatmega328p.o
                0x000000f2                __vector_22
                0x000000f2                __vector_1
                0x000000f2                __vector_24
                0x000000f2                __vector_12
                0x000000f2                __bad_interrupt
                0x000000f2                __vector_6
                0x000000f2                __vector_3
                0x000000f2                __vector_23
                0x000000f2                __vector_25
                0x000000f2                __vector_13
                0x000000f2                __vector_17
                0x000000f2                __vector_19
                0x000000f2                __vector_7
                0x000000f2                __vector_5
                0x000000f2                __vector_4
                0x000000f2                __vector_9
                0x000000f2                __vector_2
                0x000000f2                __vector_21
                0x000000f2                __vector_15
                0x000000f2                __vector_8
                0x000000f2                __vector_14
                0x000000f2                __vector_10
                0x000000f2                __vector_18
                0x000000f2                __vector_20
                0x000000f6                . = ALIGN (0x2)
 *(.text.*)
 .text._Z8thread_1Pv
                0x000000f6       0x22 Sketch.o
                0x000000f6                _Z8thread_1Pv
 .text._Z8thread_2Pv
                0x00000118       0x14 Sketch.o
                0x00000118                _Z8thread_2Pv
 .text._Z8thread_3Pv
                0x0000012c       0x14 Sketch.o
                0x0000012c                _Z8thread_3Pv
 .text.setup    0x00000140       0x72 Sketch.o
                0x00000140                setup
 .text.loop     0x000001b2        0x2 Sketch.o
                0x000001b2                loop
 .text.pxPortInitialiseStack
                0x000001b4       0xd8 Source/include/portable/GCC/ATMega323/port.o
                0x000001b4                pxPortInitialiseStack
 .text.xPortStartScheduler
                0x0000028c       0x74 Source/include/portable/GCC/ATMega323/port.o
                0x0000028c                xPortStartScheduler
 .text.vPortYield
                0x00000300       0xb2 Source/include/portable/GCC/ATMega323/port.o
                0x00000300                vPortYield
 .text.vPortYieldFromTick
                0x000003b2       0xb8 Source/include/portable/GCC/ATMega323/port.o
                0x000003b2                vPortYieldFromTick
 .text.__vector_11
                0x0000046a        0x6 Source/include/portable/GCC/ATMega323/port.o
                0x0000046a                __vector_11
 .text.pvPortMalloc
                0x00000470       0x64 Source/include/portable/MemMang/heap_1.o
                0x00000470                pvPortMalloc
 .text.vPortFree
                0x000004d4        0x2 Source/include/portable/MemMang/heap_1.o
                0x000004d4                vPortFree
 .text.vListInitialise
                0x000004d6       0x1c Source/list.o
                0x000004d6                vListInitialise
 .text.vListInitialiseItem
                0x000004f2        0x8 Source/list.o
                0x000004f2                vListInitialiseItem
 .text.vListInsertEnd
                0x000004fa       0x42 Source/list.o
                0x000004fa                vListInsertEnd
 .text.vListInsert
                0x0000053c       0x70 Source/list.o
                0x0000053c                vListInsert
 .text.uxListRemove
                0x000005ac       0x46 Source/list.o
                0x000005ac                uxListRemove
 .text.prvIdleTask
                0x000005f2        0x2 Source/tasks.o
 .text.prvAddCurrentTaskToDelayedList
                0x000005f4       0x70 Source/tasks.o
 .text.xTaskGenericCreate
                0x00000664      0x1de Source/tasks.o
                0x00000664                xTaskGenericCreate
 .text.vTaskStartScheduler
                0x00000842       0x64 Source/tasks.o
                0x00000842                vTaskStartScheduler
 .text.vTaskSuspendAll
                0x000008a6        0xc Source/tasks.o
                0x000008a6                vTaskSuspendAll
 .text.xTaskIncrementTick
                0x000008b2      0x18e Source/tasks.o
                0x000008b2                xTaskIncrementTick
 .text.xTaskResumeAll
                0x00000a40       0xe0 Source/tasks.o
                0x00000a40                xTaskResumeAll
 .text.vTaskDelay
                0x00000b20       0x42 Source/tasks.o
                0x00000b20                vTaskDelay
 .text.vTaskSwitchContext
                0x00000b62       0x98 Source/tasks.o
                0x00000b62                vTaskSwitchContext
 .text.initVariant
                0x00000bfa        0x2 C:\Users\emon1\Documents\Atmel Studio\7.0\ArduinoFreeRTOS\ArduinoFreeRTOS\ArduinoCore\Debug\libArduinoCore.a(main.o)
                0x00000bfa                initVariant
 .text.startup.main
                0x00000bfc       0x1e C:\Users\emon1\Documents\Atmel Studio\7.0\ArduinoFreeRTOS\ArduinoFreeRTOS\ArduinoCore\Debug\libArduinoCore.a(main.o)
                0x00000bfc                main
 .text.__vector_16
                0x00000c1a       0x94 C:\Users\emon1\Documents\Atmel Studio\7.0\ArduinoFreeRTOS\ArduinoFreeRTOS\ArduinoCore\Debug\libArduinoCore.a(wiring.o)
                0x00000c1a                __vector_16
 .text.init     0x00000cae       0x76 C:\Users\emon1\Documents\Atmel Studio\7.0\ArduinoFreeRTOS\ArduinoFreeRTOS\ArduinoCore\Debug\libArduinoCore.a(wiring.o)
                0x00000cae                init
 .text.turnOffPWM
                0x00000d24       0x52 C:\Users\emon1\Documents\Atmel Studio\7.0\ArduinoFreeRTOS\ArduinoFreeRTOS\ArduinoCore\Debug\libArduinoCore.a(wiring_digital.o)
 .text.pinMode  0x00000d76       0x78 C:\Users\emon1\Documents\Atmel Studio\7.0\ArduinoFreeRTOS\ArduinoFreeRTOS\ArduinoCore\Debug\libArduinoCore.a(wiring_digital.o)
                0x00000d76                pinMode
 .text.digitalWrite
                0x00000dee       0x60 C:\Users\emon1\Documents\Atmel Studio\7.0\ArduinoFreeRTOS\ArduinoFreeRTOS\ArduinoCore\Debug\libArduinoCore.a(wiring_digital.o)
                0x00000dee                digitalWrite
                0x00000e4e                . = ALIGN (0x2)
 *(.fini9)
 .fini9         0x00000e4e        0x0 c:/program files (x86)/atmel/studio/7.0/toolchain/avr8/avr8-gnu-toolchain/bin/../lib/gcc/avr/4.9.2/avr5\libgcc.a(_exit.o)
                0x00000e4e                _exit
                0x00000e4e                exit
 *(.fini9)
 *(.fini8)
 *(.fini8)
 *(.fini7)
 *(.fini7)
 *(.fini6)
 *(.fini6)
 *(.fini5)
 *(.fini5)
 *(.fini4)
 *(.fini4)
 *(.fini3)
 *(.fini3)
 *(.fini2)
 *(.fini2)
 *(.fini1)
 *(.fini1)
 *(.fini0)
 .fini0         0x00000e4e        0x4 c:/program files (x86)/atmel/studio/7.0/toolchain/avr8/avr8-gnu-toolchain/bin/../lib/gcc/avr/4.9.2/avr5\libgcc.a(_exit.o)
 *(.fini0)
                0x00000e52                _etext = .

.data           0x00800100       0x10 load address 0x00000e52
                0x00800100                PROVIDE (__data_start, .)
 *(.data)
 *(.data*)
 .data.xNextTaskUnblockTime
                0x00800100        0x2 Source/tasks.o
 *(.rodata)
 *(.rodata*)
 .rodata.str1.1
                0x00800102        0x9 Sketch.o
 .rodata.str1.1
                0x0080010b        0x5 Source/tasks.o
 *(.gnu.linkonce.d*)
                0x00800110                . = ALIGN (0x2)
                0x00800110                _edata = .
                0x00800110                PROVIDE (__data_end, .)

.bss            0x00800110      0x3ae
                0x00800110                PROVIDE (__bss_start, .)
 *(.bss)
 *(.bss*)
 .bss.pucAlignedHeap.1855
                0x00800110        0x2 Source/include/portable/MemMang/heap_1.o
 .bss.xNextFreeByte
                0x00800112        0x2 Source/include/portable/MemMang/heap_1.o
 .bss.ucHeap    0x00800114      0x352 Source/include/portable/MemMang/heap_1.o
 .bss.uxSchedulerSuspended
                0x00800466        0x1 Source/tasks.o
 .bss.uxTaskNumber
                0x00800467        0x1 Source/tasks.o
 .bss.xNumOfOverflows
                0x00800468        0x1 Source/tasks.o
 .bss.xYieldPending
                0x00800469        0x1 Source/tasks.o
 .bss.uxPendedTicks
                0x0080046a        0x1 Source/tasks.o
 .bss.xSchedulerRunning
                0x0080046b        0x1 Source/tasks.o
 .bss.uxTopReadyPriority
                0x0080046c        0x1 Source/tasks.o
 .bss.xTickCount
                0x0080046d        0x2 Source/tasks.o
 .bss.uxCurrentNumberOfTasks
                0x0080046f        0x1 Source/tasks.o
 .bss.xPendingReadyList
                0x00800470        0x9 Source/tasks.o
 .bss.pxOverflowDelayedTaskList
                0x00800479        0x2 Source/tasks.o
 .bss.pxDelayedTaskList
                0x0080047b        0x2 Source/tasks.o
 .bss.xDelayedTaskList2
                0x0080047d        0x9 Source/tasks.o
 .bss.xDelayedTaskList1
                0x00800486        0x9 Source/tasks.o
 .bss.pxReadyTasksLists
                0x0080048f       0x24 Source/tasks.o
 .bss.pxCurrentTCB
                0x008004b3        0x2 Source/tasks.o
                0x008004b3                pxCurrentTCB
 .bss.timer0_fract
                0x008004b5        0x1 C:\Users\emon1\Documents\Atmel Studio\7.0\ArduinoFreeRTOS\ArduinoFreeRTOS\ArduinoCore\Debug\libArduinoCore.a(wiring.o)
 .bss.timer0_millis
                0x008004b6        0x4 C:\Users\emon1\Documents\Atmel Studio\7.0\ArduinoFreeRTOS\ArduinoFreeRTOS\ArduinoCore\Debug\libArduinoCore.a(wiring.o)
                0x008004b6                timer0_millis
 .bss.timer0_overflow_count
                0x008004ba        0x4 C:\Users\emon1\Documents\Atmel Studio\7.0\ArduinoFreeRTOS\ArduinoFreeRTOS\ArduinoCore\Debug\libArduinoCore.a(wiring.o)
                0x008004ba                timer0_overflow_count
 *(COMMON)
                0x008004be                PROVIDE (__bss_end, .)
                0x00000e52                __data_load_start = LOADADDR (.data)
                0x00000e62                __data_load_end = (__data_load_start + SIZEOF (.data))

.noinit         0x008004be        0x0
                0x008004be                PROVIDE (__noinit_start, .)
 *(.noinit*)
                0x008004be                PROVIDE (__noinit_end, .)
                0x008004be                _end = .
                0x008004be                PROVIDE (__heap_start, .)

.eeprom         0x00810000        0x0
 *(.eeprom*)
                0x00810000                __eeprom_end = .

.fuse
 *(.fuse)
 *(.lfuse)
 *(.hfuse)
 *(.efuse)

.lock
 *(.lock*)

.signature
 *(.signature*)

.user_signatures
 *(.user_signatures*)

.stab
 *(.stab)

.stabstr
 *(.stabstr)

.stab.excl
 *(.stab.excl)

.stab.exclstr
 *(.stab.exclstr)

.stab.index
 *(.stab.index)

.stab.indexstr
 *(.stab.indexstr)

.comment        0x00000000       0x30
 *(.comment)
 .comment       0x00000000       0x30 Sketch.o
                                 0x31 (size before relaxing)
 .comment       0x00000030       0x31 Source/include/portable/GCC/ATMega323/port.o
 .comment       0x00000030       0x31 Source/include/portable/MemMang/heap_1.o
 .comment       0x00000030       0x31 Source/list.o
 .comment       0x00000030       0x31 Source/tasks.o
 .comment       0x00000030       0x31 C:\Users\emon1\Documents\Atmel Studio\7.0\ArduinoFreeRTOS\ArduinoFreeRTOS\ArduinoCore\Debug\libArduinoCore.a(main.o)
 .comment       0x00000030       0x31 C:\Users\emon1\Documents\Atmel Studio\7.0\ArduinoFreeRTOS\ArduinoFreeRTOS\ArduinoCore\Debug\libArduinoCore.a(wiring.o)
 .comment       0x00000030       0x31 C:\Users\emon1\Documents\Atmel Studio\7.0\ArduinoFreeRTOS\ArduinoFreeRTOS\ArduinoCore\Debug\libArduinoCore.a(wiring_digital.o)

.note.gnu.avr.deviceinfo
                0x00000000       0x40
 .note.gnu.avr.deviceinfo
                0x00000000       0x40 C:/Program Files (x86)/Atmel/Studio/7.0/Packs/atmel/ATmega_DFP/1.0.98/gcc/dev/atmega328p/avr5/crtatmega328p.o

.note.gnu.build-id
 *(.note.gnu.build-id)

.debug
 *(.debug)

.line
 *(.line)

.debug_srcinfo
 *(.debug_srcinfo)

.debug_sfnames
 *(.debug_sfnames)

.debug_aranges  0x00000000      0x280
 *(.debug_aranges)
 .debug_aranges
                0x00000000       0x40 Sketch.o
 .debug_aranges
                0x00000040       0x48 Source/include/portable/GCC/ATMega323/port.o
 .debug_aranges
                0x00000088       0x38 Source/include/portable/MemMang/heap_1.o
 .debug_aranges
                0x000000c0       0x40 Source/list.o
 .debug_aranges
                0x00000100       0xc8 Source/tasks.o
 .debug_aranges
                0x000001c8       0x38 C:\Users\emon1\Documents\Atmel Studio\7.0\ArduinoFreeRTOS\ArduinoFreeRTOS\ArduinoCore\Debug\libArduinoCore.a(main.o)
 .debug_aranges
                0x00000200       0x48 C:\Users\emon1\Documents\Atmel Studio\7.0\ArduinoFreeRTOS\ArduinoFreeRTOS\ArduinoCore\Debug\libArduinoCore.a(wiring.o)
 .debug_aranges
                0x00000248       0x38 C:\Users\emon1\Documents\Atmel Studio\7.0\ArduinoFreeRTOS\ArduinoFreeRTOS\ArduinoCore\Debug\libArduinoCore.a(wiring_digital.o)

.debug_pubnames
 *(.debug_pubnames)

.debug_info     0x00000000     0x28a2
 *(.debug_info .gnu.linkonce.wi.*)
 .debug_info    0x00000000      0x54c Sketch.o
 .debug_info    0x0000054c      0x261 Source/include/portable/GCC/ATMega323/port.o
 .debug_info    0x000007ad      0x1ad Source/include/portable/MemMang/heap_1.o
 .debug_info    0x0000095a      0x2c0 Source/list.o
 .debug_info    0x00000c1a     0x11ad Source/tasks.o
 .debug_info    0x00001dc7      0x225 C:\Users\emon1\Documents\Atmel Studio\7.0\ArduinoFreeRTOS\ArduinoFreeRTOS\ArduinoCore\Debug\libArduinoCore.a(main.o)
 .debug_info    0x00001fec      0x2bd C:\Users\emon1\Documents\Atmel Studio\7.0\ArduinoFreeRTOS\ArduinoFreeRTOS\ArduinoCore\Debug\libArduinoCore.a(wiring.o)
 .debug_info    0x000022a9      0x5f9 C:\Users\emon1\Documents\Atmel Studio\7.0\ArduinoFreeRTOS\ArduinoFreeRTOS\ArduinoCore\Debug\libArduinoCore.a(wiring_digital.o)

.debug_abbrev   0x00000000      0xbde
 *(.debug_abbrev)
 .debug_abbrev  0x00000000      0x18f Sketch.o
 .debug_abbrev  0x0000018f      0x167 Source/include/portable/GCC/ATMega323/port.o
 .debug_abbrev  0x000002f6      0x12e Source/include/portable/MemMang/heap_1.o
 .debug_abbrev  0x00000424       0xf8 Source/list.o
 .debug_abbrev  0x0000051c      0x320 Source/tasks.o
 .debug_abbrev  0x0000083c      0x102 C:\Users\emon1\Documents\Atmel Studio\7.0\ArduinoFreeRTOS\ArduinoFreeRTOS\ArduinoCore\Debug\libArduinoCore.a(main.o)
 .debug_abbrev  0x0000093e      0x145 C:\Users\emon1\Documents\Atmel Studio\7.0\ArduinoFreeRTOS\ArduinoFreeRTOS\ArduinoCore\Debug\libArduinoCore.a(wiring.o)
 .debug_abbrev  0x00000a83      0x15b C:\Users\emon1\Documents\Atmel Studio\7.0\ArduinoFreeRTOS\ArduinoFreeRTOS\ArduinoCore\Debug\libArduinoCore.a(wiring_digital.o)

.debug_line     0x00000000      0xfa3
 *(.debug_line .debug_line.* .debug_line_end)
 .debug_line    0x00000000      0x1fa Sketch.o
 .debug_line    0x000001fa      0x19b Source/include/portable/GCC/ATMega323/port.o
 .debug_line    0x00000395      0x1ca Source/include/portable/MemMang/heap_1.o
 .debug_line    0x0000055f      0x161 Source/list.o
 .debug_line    0x000006c0      0x4bc Source/tasks.o
 .debug_line    0x00000b7c      0x149 C:\Users\emon1\Documents\Atmel Studio\7.0\ArduinoFreeRTOS\ArduinoFreeRTOS\ArduinoCore\Debug\libArduinoCore.a(main.o)
 .debug_line    0x00000cc5      0x190 C:\Users\emon1\Documents\Atmel Studio\7.0\ArduinoFreeRTOS\ArduinoFreeRTOS\ArduinoCore\Debug\libArduinoCore.a(wiring.o)
 .debug_line    0x00000e55      0x14e C:\Users\emon1\Documents\Atmel Studio\7.0\ArduinoFreeRTOS\ArduinoFreeRTOS\ArduinoCore\Debug\libArduinoCore.a(wiring_digital.o)

.debug_frame    0x00000000      0x610
 *(.debug_frame)
 .debug_frame   0x00000000       0x88 Sketch.o
 .debug_frame   0x00000088       0x74 Source/include/portable/GCC/ATMega323/port.o
 .debug_frame   0x000000fc       0x60 Source/include/portable/MemMang/heap_1.o
 .debug_frame   0x0000015c       0x90 Source/list.o
 .debug_frame   0x000001ec      0x298 Source/tasks.o
 .debug_frame   0x00000484       0x54 C:\Users\emon1\Documents\Atmel Studio\7.0\ArduinoFreeRTOS\ArduinoFreeRTOS\ArduinoCore\Debug\libArduinoCore.a(main.o)
 .debug_frame   0x000004d8       0xbc C:\Users\emon1\Documents\Atmel Studio\7.0\ArduinoFreeRTOS\ArduinoFreeRTOS\ArduinoCore\Debug\libArduinoCore.a(wiring.o)
 .debug_frame   0x00000594       0x7c C:\Users\emon1\Documents\Atmel Studio\7.0\ArduinoFreeRTOS\ArduinoFreeRTOS\ArduinoCore\Debug\libArduinoCore.a(wiring_digital.o)

.debug_str      0x00000000      0xe70
 *(.debug_str)
 .debug_str     0x00000000      0x33c Sketch.o
                                0x380 (size before relaxing)
 .debug_str     0x0000033c      0x22c Source/include/portable/GCC/ATMega323/port.o
                                0x2f9 (size before relaxing)
 .debug_str     0x00000568       0xcd Source/include/portable/MemMang/heap_1.o
                                0x275 (size before relaxing)
 .debug_str     0x00000635      0x12e Source/list.o
                                0x2d7 (size before relaxing)
 .debug_str     0x00000763      0x4e2 Source/tasks.o
                                0x915 (size before relaxing)
 .debug_str     0x00000c45       0xc7 C:\Users\emon1\Documents\Atmel Studio\7.0\ArduinoFreeRTOS\ArduinoFreeRTOS\ArduinoCore\Debug\libArduinoCore.a(main.o)
                                0x29a (size before relaxing)
 .debug_str     0x00000d0c       0x8b C:\Users\emon1\Documents\Atmel Studio\7.0\ArduinoFreeRTOS\ArduinoFreeRTOS\ArduinoCore\Debug\libArduinoCore.a(wiring.o)
                                0x23b (size before relaxing)
 .debug_str     0x00000d97       0xd9 C:\Users\emon1\Documents\Atmel Studio\7.0\ArduinoFreeRTOS\ArduinoFreeRTOS\ArduinoCore\Debug\libArduinoCore.a(wiring_digital.o)
                                0x2a9 (size before relaxing)

.debug_loc      0x00000000     0x1bea
 *(.debug_loc)
 .debug_loc     0x00000000       0xbc Sketch.o
 .debug_loc     0x000000bc      0x2ac Source/include/portable/GCC/ATMega323/port.o
 .debug_loc     0x00000368       0xd3 Source/include/portable/MemMang/heap_1.o
 .debug_loc     0x0000043b      0x1d7 Source/list.o
 .debug_loc     0x00000612      0xdac Source/tasks.o
 .debug_loc     0x000013be      0x249 C:\Users\emon1\Documents\Atmel Studio\7.0\ArduinoFreeRTOS\ArduinoFreeRTOS\ArduinoCore\Debug\libArduinoCore.a(wiring.o)
 .debug_loc     0x00001607      0x5e3 C:\Users\emon1\Documents\Atmel Studio\7.0\ArduinoFreeRTOS\ArduinoFreeRTOS\ArduinoCore\Debug\libArduinoCore.a(wiring_digital.o)

.debug_macinfo
 *(.debug_macinfo)

.debug_weaknames
 *(.debug_weaknames)

.debug_funcnames
 *(.debug_funcnames)

.debug_typenames
 *(.debug_typenames)

.debug_varnames
 *(.debug_varnames)

.debug_pubtypes
 *(.debug_pubtypes)

.debug_ranges   0x00000000      0x230
 *(.debug_ranges)
 .debug_ranges  0x00000000       0x30 Sketch.o
 .debug_ranges  0x00000030       0x38 Source/include/portable/GCC/ATMega323/port.o
 .debug_ranges  0x00000068       0x28 Source/include/portable/MemMang/heap_1.o
 .debug_ranges  0x00000090       0x30 Source/list.o
 .debug_ranges  0x000000c0       0xe8 Source/tasks.o
 .debug_ranges  0x000001a8       0x28 C:\Users\emon1\Documents\Atmel Studio\7.0\ArduinoFreeRTOS\ArduinoFreeRTOS\ArduinoCore\Debug\libArduinoCore.a(main.o)
 .debug_ranges  0x000001d0       0x38 C:\Users\emon1\Documents\Atmel Studio\7.0\ArduinoFreeRTOS\ArduinoFreeRTOS\ArduinoCore\Debug\libArduinoCore.a(wiring.o)
 .debug_ranges  0x00000208       0x28 C:\Users\emon1\Documents\Atmel Studio\7.0\ArduinoFreeRTOS\ArduinoFreeRTOS\ArduinoCore\Debug\libArduinoCore.a(wiring_digital.o)

.debug_macro
 *(.debug_macro)
OUTPUT(Blink.elf elf32-avr)
LOAD linker stubs
